main.c:109:5:main	8	static
main.c:174:6:SystemClock_Config	136	static
main.c:222:13:MX_TIM2_Init	32	static
main.c:267:13:MX_TIM3_Init	32	static
main.c:312:13:MX_USART2_UART_Init	8	static
main.c:347:13:MX_GPIO_Init	48	static
main.c:389:13:MY_Period_Init	16	static
main.c:398:13:MX_TIM2_Init_stade_1	32	static
main.c:438:13:MX_TIM2_Init_stade_2	32	static
main.c:478:13:MX_TIM2_Init_stade_3	32	static
main.c:522:6:delay_ms	24	static
main.c:545:6:irrigation	16	static
main.c:609:6:Update_Period	40	static
main.c:632:6:Error_Handler	8	static
