main.c:110:5:main	8	static
main.c:175:6:SystemClock_Config	136	static
main.c:223:13:MX_TIM2_Init	32	static
main.c:268:13:MX_TIM3_Init	32	static
main.c:313:13:MX_USART2_UART_Init	8	static
main.c:348:13:MX_GPIO_Init	48	static
main.c:390:13:MY_Period_Init	16	static
main.c:399:13:MX_TIM2_Init_stade_1	32	static
main.c:439:13:MX_TIM2_Init_stade_2	32	static
main.c:479:13:MX_TIM2_Init_stade_3	32	static
main.c:523:6:delay_ms	24	static
main.c:546:6:irrigation	16	static
main.c:609:6:Update_Period	48	static
main.c:649:6:Error_Handler	8	static
